WARNING: backup is old.  last backup was 1999-01-01 00:00:00.
correctly returned non-zero exit code
CRITICAL: backup is old.  last backup was 1999-01-01 00:00:00.
correctly returned non-zero exit code
