2	2007-08-12 01:02:03 .. 2007-08-12 01:02:03 (xx files, 100000 bytes) 
