verify failure: TMP/data/aaa: metadata change: st_mtime_sec (...)
